[backblue.gif]
[fade.gif]
[index.html]
[trendingtemplates.com/demos/techmag/images/favicon.ico]
[trendingtemplates.com/demos/techmag/images/apple-touch-icon.png]
[trendingtemplates.com/demos/techmag/images/apple-touch-icon-57x57.png]
[trendingtemplates.com/demos/techmag/images/apple-touch-icon-72x72.png]
[trendingtemplates.com/demos/techmag/images/apple-touch-icon-76x76.png]
[trendingtemplates.com/demos/techmag/images/apple-touch-icon-114x114.png]
[trendingtemplates.com/demos/techmag/images/apple-touch-icon-120x120.png]
[trendingtemplates.com/demos/techmag/images/apple-touch-icon-144x144.png]
[trendingtemplates.com/demos/techmag/images/apple-touch-icon-152x152.png]
[trendingtemplates.com/demos/techmag/css/font-awesome.min.css]
[trendingtemplates.com/demos/techmag/css/bootstrap.css]
[trendingtemplates.com/demos/techmag/style.css]
[d36mw5gp02ykm5.cloudfront.net/yc/adrns_y7062.js]
[trendingtemplates.com/demos/techmag/images/logo.png]
[trendingtemplates.com/demos/techmag/upload/banner_03.jpg]
[trendingtemplates.com/demos/techmag/upload/widget_01.jpg]
[trendingtemplates.com/demos/techmag/upload/widget_02.jpg]
[trendingtemplates.com/demos/techmag/upload/widget_03.jpg]
[trendingtemplates.com/demos/techmag/upload/widget_04.jpg]
[trendingtemplates.com/demos/techmag/upload/widget_06.jpg]
[trendingtemplates.com/demos/techmag/upload/widget_07.jpg]
[trendingtemplates.com/demos/techmag/upload/widget_09.jpg]
[trendingtemplates.com/demos/techmag/upload/widget_10.jpg]
[trendingtemplates.com/demos/techmag/upload/widget_11.jpg]
[trendingtemplates.com/demos/techmag/upload/widget_13.jpg]
[trendingtemplates.com/demos/techmag/upload/widget_16.jpg]
[trendingtemplates.com/demos/techmag/upload/review_01.jpg]
[trendingtemplates.com/demos/techmag/upload/review_02.jpg]
[trendingtemplates.com/demos/techmag/upload/review_03.jpg]
[trendingtemplates.com/demos/techmag/upload/mini_widget_01.jpg]
[trendingtemplates.com/demos/techmag/upload/mini_widget_02.jpg]
[trendingtemplates.com/demos/techmag/upload/mini_widget_04.jpg]
[trendingtemplates.com/demos/techmag/upload/mini_widget_06.jpg]
[trendingtemplates.com/demos/techmag/upload/avatar_02.png]
[trendingtemplates.com/demos/techmag/upload/big_news_02.jpg]
[trendingtemplates.com/demos/techmag/upload/avatar_01.png]
[trendingtemplates.com/demos/techmag/upload/banner_01.jpg]
[trendingtemplates.com/demos/techmag/upload/carrer_01.jpg]
[trendingtemplates.com/demos/techmag/upload/carrer_02.jpg]
[trendingtemplates.com/demos/techmag/upload/carrer_03.jpg]
[trendingtemplates.com/demos/techmag/upload/carrer_04.jpg]
[trendingtemplates.com/demos/techmag/upload/banner_02.jpg]
[trendingtemplates.com/demos/techmag/upload/news_01.jpg]
[trendingtemplates.com/demos/techmag/upload/news_03.jpg]
[trendingtemplates.com/demos/techmag/upload/news_04.jpg]
[trendingtemplates.com/demos/techmag/upload/news_05.jpg]
[trendingtemplates.com/demos/techmag/upload/news_06.jpg]
[trendingtemplates.com/demos/techmag/upload/news_07.jpg]
[trendingtemplates.com/demos/techmag/upload/news_08.jpg]
[trendingtemplates.com/demos/techmag/js/jquery.min.js]
[trendingtemplates.com/demos/techmag/index.html]
[trendingtemplates.com/demos/techmag/js/plugins.js]
[trendingtemplates.com/demos/techmag/fonts/fontawesome-webfont3295.eot]
[trendingtemplates.com/demos/techmag/fonts/fontawesome-webfont3295.woff]
[trendingtemplates.com/demos/techmag/css/font-awesome.min.css]
[trendingtemplates.com/demos/techmag/fonts/glyphicons-halflings-regular.eot]
[trendingtemplates.com/demos/techmag/fonts/glyphicons-halflings-regulard41d.eot]
[trendingtemplates.com/demos/techmag/fonts/glyphicons-halflings-regular.woff]
[trendingtemplates.com/demos/techmag/css/bootstrap.css]
[trendingtemplates.com/demos/techmag/style.css]
[trendingtemplates.com/demos/techmag/css/custom.css]
[trendingtemplates.com/demos/techmag/upload/big_news_04.jpg]
[trendingtemplates.com/demos/techmag/upload/big_news_10.jpg]
[trendingtemplates.com/demos/techmag/upload/big_news_09.jpg]
[trendingtemplates.com/demos/techmag/upload/big_news_08.jpg]
[trendingtemplates.com/demos/techmag/upload/big_news_07.jpg]
[trendingtemplates.com/demos/techmag/upload/big_news_06.jpg]
[trendingtemplates.com/demos/techmag/upload/review_04.jpg]
[trendingtemplates.com/demos/techmag/upload/review_05.jpg]
[trendingtemplates.com/demos/techmag/upload/review_06.jpg]
[trendingtemplates.com/demos/techmag/upload/big_news_05.jpg]
[trendingtemplates.com/demos/techmag/index-2.html]
[trendingtemplates.com/demos/techmag/index-3.html]
[trendingtemplates.com/demos/techmag/upload/review_07.jpg]
[trendingtemplates.com/demos/techmag/js/jquery.flexslider.js]
[trendingtemplates.com/demos/techmag/upload/review_08.jpg]
[trendingtemplates.com/demos/techmag/index-4.html]
[trendingtemplates.com/demos/techmag/upload/job.jpg]
[trendingtemplates.com/demos/techmag/upload/job_01.jpg]
[trendingtemplates.com/demos/techmag/index-5.html]
[trendingtemplates.com/demos/techmag/upload/single.jpg]
[trendingtemplates.com/demos/techmag/images/avatar.png]
[trendingtemplates.com/demos/techmag/single.html]
[trendingtemplates.com/demos/techmag/single-1.html]
[trendingtemplates.com/demos/techmag/upload/review.jpg]
[trendingtemplates.com/demos/techmag/upload/review_mini_01.jpg]
[trendingtemplates.com/demos/techmag/single-review.html]
[trendingtemplates.com/demos/techmag/single-job.html]
[trendingtemplates.com/demos/techmag/css/bbpress.css]
[trendingtemplates.com/demos/techmag/single-forum.html]
[trendingtemplates.com/demos/techmag/category.html]
[trendingtemplates.com/demos/techmag/category-1.html]
[trendingtemplates.com/demos/techmag/category-2.html]
[trendingtemplates.com/demos/techmag/search.html]
[trendingtemplates.com/demos/techmag/upload/avatar_03.jpg]
[trendingtemplates.com/demos/techmag/upload/avatar_04.jpg]
[trendingtemplates.com/demos/techmag/upload/avatar_05.jpg]
[trendingtemplates.com/demos/techmag/authors.html]
[trendingtemplates.com/demos/techmag/page.html]
[trendingtemplates.com/demos/techmag/page-1.html]
[trendingtemplates.com/demos/techmag/sitemap.html]
[trendingtemplates.com/demos/techmag/images/image-404.jpg]
[trendingtemplates.com/demos/techmag/404.html]
[trendingtemplates.com/demos/techmag/js/map.js]
[trendingtemplates.com/demos/techmag/shortcodes.html]
[trendingtemplates.com/demos/techmag/upload/reviewbg.jpg]
[trendingtemplates.com/demos/techmag/upload/review_10.jpg]
[trendingtemplates.com/demos/techmag/upload/review_11.jpg]
[trendingtemplates.com/demos/techmag/upload/review_12.jpg]
[trendingtemplates.com/demos/techmag/reviews.html]
[trendingtemplates.com/demos/techmag/upload/jobbg.jpg]
[trendingtemplates.com/demos/techmag/upload/job_02.jpg]
[trendingtemplates.com/demos/techmag/upload/job_04.jpg]
[trendingtemplates.com/demos/techmag/upload/job_03.jpg]
[trendingtemplates.com/demos/techmag/jobs.html]
[trendingtemplates.com/demos/techmag/upload/widget_05.jpg]
[trendingtemplates.com/demos/techmag/upload/widget_12.jpg]
[trendingtemplates.com/demos/techmag/upload/widget_14.jpg]
[trendingtemplates.com/demos/techmag/upload/widget_15.jpg]
[trendingtemplates.com/demos/techmag/community.html]
[trendingtemplates.com/demos/techmag/contact.html]
[trendingtemplates.com/demos/techmag/upload/mini_widget_03.jpg]
[trendingtemplates.com/demos/techmag/upload/big_news_01.jpg]
[trendingtemplates.com/demos/techmag/author.html]
[trendingtemplates.com/demos/techmag/upload/big_news_03.jpg]
[trendingtemplates.com/demos/techmag/upload/news_02.jpg]
[trendingtemplates.com/demos/techmag/js/bootstrap.js]
[trendingtemplates.com/demos/techmag/fonts/fontawesome-webfontd41d.eot]
[trendingtemplates.com/demos/techmag/fonts/fontawesome-webfont3295.html]
[trendingtemplates.com/demos/techmag/fonts/fontawesome-webfont3295-2.html]
[trendingtemplates.com/demos/techmag/fonts/fontawesome-webfont3295.svg]
[trendingtemplates.com/demos/techmag/fonts/glyphicons-halflings-regular.html]
[trendingtemplates.com/demos/techmag/fonts/glyphicons-halflings-regular-2.html]
[trendingtemplates.com/demos/techmag/fonts/glyphicons-halflings-regular.svg]
[trendingtemplates.com/demos/techmag/css/flexslider.css]
[trendingtemplates.com/demos/techmag/upload/review_mini_02.jpg]
[trendingtemplates.com/demos/techmag/css/bbpress.css]
[trendingtemplates.com/demos/techmag/upload/team_01.html]
[trendingtemplates.com/demos/techmag/upload/review_09.jpg]
[trendingtemplates.com/demos/techmag/upload/mini_widget_05.jpg]
[trendingtemplates.com/demos/techmag/index-1.html]
[trendingtemplates.com/demos/techmag/upload/widget_08.jpg]
